05-25 09:28:53.868  8405  8435 I TestRunner: started: test1(TestClass)
05-25 09:28:53.872  8405  8405 I MonitoringInstr: Activities that are still in CREATED to STOPPED: 0
05-25 09:28:53.873  8405  8435 V Base64 test: Z2V0SW1laQ==
05-25 09:28:53.993  7310  7310 W DetectPable: type=1400 audit(0.0:20770): avc: denied { getattr } for path="/proc/dma" dev="proc" ino=4026532069 scontext=u:r:shell:s0 tcontext=u:object_r:proc:s0 tclass=file permissive=0
05-25 09:28:55.001  7310  7310 W DetectPable: type=1400 audit(0.0:20799): avc: denied { getattr } for path="/proc/dma" dev="proc" ino=4026532069 scontext=u:r:shell:s0 tcontext=u:object_r:proc:s0 tclass=file permissive=0
05-25 09:28:55.962   216   219 E android.system.suspend@1.0-service: Error opening kernel wakelock stats for: wakeup34: Permission denied
05-25 09:28:55.964   216   219 E android.system.suspend@1.0-service: Error opening kernel wakelock stats for: wakeup35: Permission denied
05-25 09:28:56.013  7310  7310 W DetectPable: type=1400 audit(0.0:20830): avc: denied { getattr } for path="/proc/dma" dev="proc" ino=4026532069 scontext=u:r:shell:s0 tcontext=u:object_r:proc:s0 tclass=file permissive=0
05-25 09:28:56.278   216   219 E android.system.suspend@1.0-service: Error opening kernel wakelock stats for: wakeup34: Permission denied
05-25 09:28:56.281   216   219 E android.system.suspend@1.0-service: Error opening kernel wakelock stats for: wakeup35: Permission denied
05-25 09:28:56.410  1426  3311 W Conscrypt: Could not set socket write timeout: java.net.SocketException: Socket closed
05-25 09:28:56.410  1426  3311 W Conscrypt: 	at com.google.android.gms.org.conscrypt.Platform.setSocketWriteTimeout(:com.google.android.gms@201817022@20.18.17 (040700-311416286):2)
05-25 09:28:56.410  1426  3311 W Conscrypt: 	at com.google.android.gms.org.conscrypt.ConscryptFileDescriptorSocket.setSoWriteTimeout(:com.google.android.gms@201817022@20.18.17 (040700-311416286):0)
05-25 09:28:56.544  1426  3311 V NativeCrypto: SSL handshake aborted: ssl=0xb5f79618: I/O error during system call, Connection reset by peer
05-25 09:28:56.729  2830  2872 W id.gms.unstabl: Couldn't lock the profile file /data/user/0/com.google.android.gms/app_fb/oat/f.apk.cur.prof: Failed to open file '/data/user/0/com.google.android.gms/app_fb/oat/f.apk.cur.prof': No such file or directory
05-25 09:28:56.729  2830  2872 W id.gms.unstabl: Could not forcefully load profile /data/user/0/com.google.android.gms/app_fb/oat/f.apk.cur.prof
05-25 09:28:57.021  7310  7310 W DetectPable: type=1400 audit(0.0:20861): avc: denied { getattr } for path="/proc/dma" dev="proc" ino=4026532069 scontext=u:r:shell:s0 tcontext=u:object_r:proc:s0 tclass=file permissive=0
05-25 09:28:57.021  7310  7310 W DetectPable: type=1400 audit(0.0:20862): avc: denied { getattr } for path="/proc/keys" dev="proc" ino=4026532080 scontext=u:r:shell:s0 tcontext=u:object_r:proc_keys:s0 tclass=file permissive=0
05-25 09:28:58.033  7310  7310 W DetectPable: type=1400 audit(0.0:20890): avc: denied { getattr } for path="/proc/dma" dev="proc" ino=4026532069 scontext=u:r:shell:s0 tcontext=u:object_r:proc:s0 tclass=file permissive=0
05-25 09:28:59.041  7310  7310 W DetectPable: type=1400 audit(0.0:20919): avc: denied { getattr } for path="/proc/dma" dev="proc" ino=4026532069 scontext=u:r:shell:s0 tcontext=u:object_r:proc:s0 tclass=file permissive=0
05-25 09:29:00.049  7310  7310 W DetectPable: type=1400 audit(0.0:20948): avc: denied { getattr } for path="/proc/dma" dev="proc" ino=4026532069 scontext=u:r:shell:s0 tcontext=u:object_r:proc:s0 tclass=file permissive=0
05-25 09:29:01.065  7310  7310 W DetectPable: type=1400 audit(0.0:20977): avc: denied { getattr } for path="/proc/dma" dev="proc" ino=4026532069 scontext=u:r:shell:s0 tcontext=u:object_r:proc:s0 tclass=file permissive=0
05-25 09:29:01.069  7310  7310 W DetectPable: type=1400 audit(0.0:20978): avc: denied { getattr } for path="/proc/keys" dev="proc" ino=4026532080 scontext=u:r:shell:s0 tcontext=u:object_r:proc_keys:s0 tclass=file permissive=0
05-25 09:29:02.081  7310  7310 W DetectPable: type=1400 audit(0.0:21006): avc: denied { getattr } for path="/proc/dma" dev="proc" ino=4026532069 scontext=u:r:shell:s0 tcontext=u:object_r:proc:s0 tclass=file permissive=0
05-25 09:29:03.089  7310  7310 W DetectPable: type=1400 audit(0.0:21035): avc: denied { getattr } for path="/proc/dma" dev="proc" ino=4026532069 scontext=u:r:shell:s0 tcontext=u:object_r:proc:s0 tclass=file permissive=0
05-25 09:29:04.097  7310  7310 W DetectPable: type=1400 audit(0.0:21064): avc: denied { getattr } for path="/proc/dma" dev="proc" ino=4026532069 scontext=u:r:shell:s0 tcontext=u:object_r:proc:s0 tclass=file permissive=0
05-25 09:29:04.097  7310  7310 W DetectPable: type=1400 audit(0.0:21065): avc: denied { getattr } for path="/proc/keys" dev="proc" ino=4026532080 scontext=u:r:shell:s0 tcontext=u:object_r:proc_keys:s0 tclass=file permissive=0
05-25 09:29:05.109  7310  7310 W DetectPable: type=1400 audit(0.0:21093): avc: denied { getattr } for path="/proc/dma" dev="proc" ino=4026532069 scontext=u:r:shell:s0 tcontext=u:object_r:proc:s0 tclass=file permissive=0
05-25 09:29:05.109  7310  7310 W DetectPable: type=1400 audit(0.0:21094): avc: denied { getattr } for path="/proc/keys" dev="proc" ino=4026532080 scontext=u:r:shell:s0 tcontext=u:object_r:proc_keys:s0 tclass=file permissive=0
05-25 09:29:06.121  7310  7310 W DetectPable: type=1400 audit(0.0:21122): avc: denied { getattr } for path="/proc/dma" dev="proc" ino=4026532069 scontext=u:r:shell:s0 tcontext=u:object_r:proc:s0 tclass=file permissive=0
05-25 09:29:07.129  7310  7310 W DetectPable: type=1400 audit(0.0:21151): avc: denied { getattr } for path="/proc/dma" dev="proc" ino=4026532069 scontext=u:r:shell:s0 tcontext=u:object_r:proc:s0 tclass=file permissive=0
05-25 09:29:08.141  7310  7310 W DetectPable: type=1400 audit(0.0:21180): avc: denied { getattr } for path="/proc/dma" dev="proc" ino=4026532069 scontext=u:r:shell:s0 tcontext=u:object_r:proc:s0 tclass=file permissive=0
05-25 09:29:08.141  7310  7310 W DetectPable: type=1400 audit(0.0:21181): avc: denied { getattr } for path="/proc/keys" dev="proc" ino=4026532080 scontext=u:r:shell:s0 tcontext=u:object_r:proc_keys:s0 tclass=file permissive=0
05-25 09:29:08.141  7310  7310 W DetectPable: type=1400 audit(0.0:21182): avc: denied { getattr } for path="/proc/kmsg" dev="proc" ino=4026532037 scontext=u:r:shell:s0 tcontext=u:object_r:proc_kmsg:s0 tclass=file permissive=0
05-25 09:29:09.153  7310  7310 W DetectPable: type=1400 audit(0.0:21209): avc: denied { getattr } for path="/proc/dma" dev="proc" ino=4026532069 scontext=u:r:shell:s0 tcontext=u:object_r:proc:s0 tclass=file permissive=0
05-25 09:29:10.169  7310  7310 W DetectPable: type=1400 audit(0.0:21238): avc: denied { getattr } for path="/proc/dma" dev="proc" ino=4026532069 scontext=u:r:shell:s0 tcontext=u:object_r:proc:s0 tclass=file permissive=0
05-25 09:29:11.181  7310  7310 W DetectPable: type=1400 audit(0.0:21267): avc: denied { getattr } for path="/proc/dma" dev="proc" ino=4026532069 scontext=u:r:shell:s0 tcontext=u:object_r:proc:s0 tclass=file permissive=0
05-25 09:29:12.189  7310  7310 W DetectPable: type=1400 audit(0.0:21296): avc: denied { getattr } for path="/proc/dma" dev="proc" ino=4026532069 scontext=u:r:shell:s0 tcontext=u:object_r:proc:s0 tclass=file permissive=0
05-25 09:29:13.201  7310  7310 W DetectPable: type=1400 audit(0.0:21325): avc: denied { getattr } for path="/proc/dma" dev="proc" ino=4026532069 scontext=u:r:shell:s0 tcontext=u:object_r:proc:s0 tclass=file permissive=0
05-25 09:29:14.209  7310  7310 W DetectPable: type=1400 audit(0.0:21354): avc: denied { getattr } for path="/proc/dma" dev="proc" ino=4026532069 scontext=u:r:shell:s0 tcontext=u:object_r:proc:s0 tclass=file permissive=0
05-25 09:29:14.213  7310  7310 W DetectPable: type=1400 audit(0.0:21357): avc: denied { getattr } for path="/proc/misc" dev="proc" ino=4026532007 scontext=u:r:shell:s0 tcontext=u:object_r:proc_misc:s0 tclass=file permissive=0
05-25 09:29:15.225  7310  7310 W DetectPable: type=1400 audit(0.0:21383): avc: denied { getattr } for path="/proc/dma" dev="proc" ino=4026532069 scontext=u:r:shell:s0 tcontext=u:object_r:proc:s0 tclass=file permissive=0
05-25 09:29:16.229  7310  7310 W DetectPable: type=1400 audit(0.0:21412): avc: denied { getattr } for path="/proc/dma" dev="proc" ino=4026532069 scontext=u:r:shell:s0 tcontext=u:object_r:proc:s0 tclass=file permissive=0
05-25 09:29:17.245  7310  7310 W DetectPable: type=1400 audit(0.0:21441): avc: denied { getattr } for path="/proc/dma" dev="proc" ino=4026532069 scontext=u:r:shell:s0 tcontext=u:object_r:proc:s0 tclass=file permissive=0
05-25 09:29:18.257  7310  7310 W DetectPable: type=1400 audit(0.0:21470): avc: denied { getattr } for path="/proc/dma" dev="proc" ino=4026532069 scontext=u:r:shell:s0 tcontext=u:object_r:proc:s0 tclass=file permissive=0
05-25 09:29:18.261  7310  7310 W DetectPable: type=1400 audit(0.0:21471): avc: denied { getattr } for path="/proc/keys" dev="proc" ino=4026532080 scontext=u:r:shell:s0 tcontext=u:object_r:proc_keys:s0 tclass=file permissive=0
05-25 09:29:18.261  7310  7310 W DetectPable: type=1400 audit(0.0:21472): avc: denied { getattr } for path="/proc/kmsg" dev="proc" ino=4026532037 scontext=u:r:shell:s0 tcontext=u:object_r:proc_kmsg:s0 tclass=file permissive=0
05-25 09:29:19.269  7310  7310 W DetectPable: type=1400 audit(0.0:21499): avc: denied { getattr } for path="/proc/dma" dev="proc" ino=4026532069 scontext=u:r:shell:s0 tcontext=u:object_r:proc:s0 tclass=file permissive=0
05-25 09:29:19.269  7310  7310 W DetectPable: type=1400 audit(0.0:21500): avc: denied { getattr } for path="/proc/keys" dev="proc" ino=4026532080 scontext=u:r:shell:s0 tcontext=u:object_r:proc_keys:s0 tclass=file permissive=0
05-25 09:29:19.487   477   477 E wifi_forwarder: qemu_pipe_open_ns:62: Could not connect to the 'pipe:qemud:wififorward' service: Invalid argument
05-25 09:29:19.487   477   477 E wifi_forwarder: RemoteConnection failed to initialize: RemoteConnection failed to open pipe
05-25 09:29:19.578   474   474 E netmgr  : qemu_pipe_open_ns:62: Could not connect to the 'pipe:qemud:network' service: Invalid argument
05-25 09:29:19.578   474   474 E netmgr  : Failed to open QEMU pipe 'qemud:network': Invalid argument
05-25 09:29:20.285  7310  7310 W DetectPable: type=1400 audit(0.0:21528): avc: denied { getattr } for path="/proc/dma" dev="proc" ino=4026532069 scontext=u:r:shell:s0 tcontext=u:object_r:proc:s0 tclass=file permissive=0
05-25 09:29:21.297  7310  7310 W DetectPable: type=1400 audit(0.0:21557): avc: denied { getattr } for path="/proc/dma" dev="proc" ino=4026532069 scontext=u:r:shell:s0 tcontext=u:object_r:proc:s0 tclass=file permissive=0
05-25 09:29:22.309  7310  7310 W DetectPable: type=1400 audit(0.0:21586): avc: denied { getattr } for path="/proc/dma" dev="proc" ino=4026532069 scontext=u:r:shell:s0 tcontext=u:object_r:proc:s0 tclass=file permissive=0
05-25 09:29:22.986  6977  7019 I PlayCommon: [560] aora.c(26): Preparing logs for uploading
05-25 09:29:22.987  6977  7019 I PlayCommon: [560] aora.c(167): Connecting to server for timestamp: https://play.googleapis.com/play/log/timestamp
05-25 09:29:22.989  6977  7019 E PlayCommon: [560] aora.c(168): Failed to connect to server for server timestamp: java.net.UnknownHostException: Unable to resolve host "play.googleapis.com": No address associated with hostname
05-25 09:29:22.989  6977  7019 W PlayCommon: [560] aora.a(1): No account for auth token provided
05-25 09:29:22.989  6977  7019 I PlayCommon: [560] aora.c(201): Connecting to server: https://play.googleapis.com/play/log?format=raw&proto_v2=true
05-25 09:29:22.989  6977  7019 E PlayCommon: [560] aora.c(207): Failed to connect to server for log upload.
05-25 09:29:23.317  7310  7310 W DetectPable: type=1400 audit(0.0:21615): avc: denied { getattr } for path="/proc/dma" dev="proc" ino=4026532069 scontext=u:r:shell:s0 tcontext=u:object_r:proc:s0 tclass=file permissive=0
05-25 09:29:24.325  7310  7310 W DetectPable: type=1400 audit(0.0:21644): avc: denied { getattr } for path="/proc/dma" dev="proc" ino=4026532069 scontext=u:r:shell:s0 tcontext=u:object_r:proc:s0 tclass=file permissive=0
05-25 09:29:25.333  7310  7310 W DetectPable: type=1400 audit(0.0:21673): avc: denied { getattr } for path="/proc/dma" dev="proc" ino=4026532069 scontext=u:r:shell:s0 tcontext=u:object_r:proc:s0 tclass=file permissive=0
05-25 09:29:26.349  7310  7310 W DetectPable: type=1400 audit(0.0:21702): avc: denied { getattr } for path="/proc/dma" dev="proc" ino=4026532069 scontext=u:r:shell:s0 tcontext=u:object_r:proc:s0 tclass=file permissive=0
05-25 09:29:27.096  2830  2855 V NativeCrypto: SSL handshake aborted: ssl=0xc8843418: I/O error during system call, Connection reset by peer
05-25 09:29:27.361  7310  7310 W DetectPable: type=1400 audit(0.0:21731): avc: denied { getattr } for path="/proc/dma" dev="proc" ino=4026532069 scontext=u:r:shell:s0 tcontext=u:object_r:proc:s0 tclass=file permissive=0
05-25 09:29:28.369  7310  7310 W DetectPable: type=1400 audit(0.0:21760): avc: denied { getattr } for path="/proc/dma" dev="proc" ino=4026532069 scontext=u:r:shell:s0 tcontext=u:object_r:proc:s0 tclass=file permissive=0
05-25 09:29:29.381  7310  7310 W DetectPable: type=1400 audit(0.0:21789): avc: denied { getattr } for path="/proc/dma" dev="proc" ino=4026532069 scontext=u:r:shell:s0 tcontext=u:object_r:proc:s0 tclass=file permissive=0
05-25 09:29:30.393  7310  7310 W DetectPable: type=1400 audit(0.0:21818): avc: denied { getattr } for path="/proc/dma" dev="proc" ino=4026532069 scontext=u:r:shell:s0 tcontext=u:object_r:proc:s0 tclass=file permissive=0
05-25 09:29:31.405  7310  7310 W DetectPable: type=1400 audit(0.0:21847): avc: denied { getattr } for path="/proc/dma" dev="proc" ino=4026532069 scontext=u:r:shell:s0 tcontext=u:object_r:proc:s0 tclass=file permissive=0
05-25 09:29:31.405  7310  7310 W DetectPable: type=1400 audit(0.0:21848): avc: denied { getattr } for path="/proc/keys" dev="proc" ino=4026532080 scontext=u:r:shell:s0 tcontext=u:object_r:proc_keys:s0 tclass=file permissive=0
05-25 09:29:32.413  7310  7310 W DetectPable: type=1400 audit(0.0:21876): avc: denied { getattr } for path="/proc/dma" dev="proc" ino=4026532069 scontext=u:r:shell:s0 tcontext=u:object_r:proc:s0 tclass=file permissive=0
05-25 09:29:33.433  7310  7310 W DetectPable: type=1400 audit(0.0:21905): avc: denied { getattr } for path="/proc/dma" dev="proc" ino=4026532069 scontext=u:r:shell:s0 tcontext=u:object_r:proc:s0 tclass=file permissive=0
05-25 09:29:33.433  7310  7310 W DetectPable: type=1400 audit(0.0:21906): avc: denied { getattr } for path="/proc/keys" dev="proc" ino=4026532080 scontext=u:r:shell:s0 tcontext=u:object_r:proc_keys:s0 tclass=file permissive=0
05-25 09:29:34.445  7310  7310 W DetectPable: type=1400 audit(0.0:21934): avc: denied { getattr } for path="/proc/dma" dev="proc" ino=4026532069 scontext=u:r:shell:s0 tcontext=u:object_r:proc:s0 tclass=file permissive=0
05-25 09:29:35.457  7310  7310 W DetectPable: type=1400 audit(0.0:21963): avc: denied { getattr } for path="/proc/dma" dev="proc" ino=4026532069 scontext=u:r:shell:s0 tcontext=u:object_r:proc:s0 tclass=file permissive=0
05-25 09:29:36.469  7310  7310 W DetectPable: type=1400 audit(0.0:21992): avc: denied { getattr } for path="/proc/dma" dev="proc" ino=4026532069 scontext=u:r:shell:s0 tcontext=u:object_r:proc:s0 tclass=file permissive=0
05-25 09:29:36.473  7310  7310 W DetectPable: type=1400 audit(0.0:21993): avc: denied { getattr } for path="/proc/keys" dev="proc" ino=4026532080 scontext=u:r:shell:s0 tcontext=u:object_r:proc_keys:s0 tclass=file permissive=0
05-25 09:29:37.477  7310  7310 W DetectPable: type=1400 audit(0.0:22021): avc: denied { getattr } for path="/proc/dma" dev="proc" ino=4026532069 scontext=u:r:shell:s0 tcontext=u:object_r:proc:s0 tclass=file permissive=0
05-25 09:29:38.489  7310  7310 W DetectPable: type=1400 audit(0.0:22050): avc: denied { getattr } for path="/proc/dma" dev="proc" ino=4026532069 scontext=u:r:shell:s0 tcontext=u:object_r:proc:s0 tclass=file permissive=0
05-25 09:29:39.501  7310  7310 W DetectPable: type=1400 audit(0.0:22079): avc: denied { getattr } for path="/proc/dma" dev="proc" ino=4026532069 scontext=u:r:shell:s0 tcontext=u:object_r:proc:s0 tclass=file permissive=0
05-25 09:29:40.517  7310  7310 W DetectPable: type=1400 audit(0.0:22108): avc: denied { getattr } for path="/proc/dma" dev="proc" ino=4026532069 scontext=u:r:shell:s0 tcontext=u:object_r:proc:s0 tclass=file permissive=0
05-25 09:29:41.525  7310  7310 W DetectPable: type=1400 audit(0.0:22137): avc: denied { getattr } for path="/proc/dma" dev="proc" ino=4026532069 scontext=u:r:shell:s0 tcontext=u:object_r:proc:s0 tclass=file permissive=0
05-25 09:29:42.533  7310  7310 W DetectPable: type=1400 audit(0.0:22166): avc: denied { getattr } for path="/proc/dma" dev="proc" ino=4026532069 scontext=u:r:shell:s0 tcontext=u:object_r:proc:s0 tclass=file permissive=0
05-25 09:29:43.549  7310  7310 W DetectPable: type=1400 audit(0.0:22195): avc: denied { getattr } for path="/proc/dma" dev="proc" ino=4026532069 scontext=u:r:shell:s0 tcontext=u:object_r:proc:s0 tclass=file permissive=0
05-25 09:29:44.561  7310  7310 W DetectPable: type=1400 audit(0.0:22224): avc: denied { getattr } for path="/proc/dma" dev="proc" ino=4026532069 scontext=u:r:shell:s0 tcontext=u:object_r:proc:s0 tclass=file permissive=0
05-25 09:29:45.573  7310  7310 W DetectPable: type=1400 audit(0.0:22253): avc: denied { getattr } for path="/proc/dma" dev="proc" ino=4026532069 scontext=u:r:shell:s0 tcontext=u:object_r:proc:s0 tclass=file permissive=0
05-25 09:29:46.585  7310  7310 W DetectPable: type=1400 audit(0.0:22282): avc: denied { getattr } for path="/proc/dma" dev="proc" ino=4026532069 scontext=u:r:shell:s0 tcontext=u:object_r:proc:s0 tclass=file permissive=0
05-25 09:29:47.597  7310  7310 W DetectPable: type=1400 audit(0.0:22311): avc: denied { getattr } for path="/proc/dma" dev="proc" ino=4026532069 scontext=u:r:shell:s0 tcontext=u:object_r:proc:s0 tclass=file permissive=0
05-25 09:29:48.613  7310  7310 W DetectPable: type=1400 audit(0.0:22340): avc: denied { getattr } for path="/proc/dma" dev="proc" ino=4026532069 scontext=u:r:shell:s0 tcontext=u:object_r:proc:s0 tclass=file permissive=0
05-25 09:29:49.625  7310  7310 W DetectPable: type=1400 audit(0.0:22369): avc: denied { getattr } for path="/proc/dma" dev="proc" ino=4026532069 scontext=u:r:shell:s0 tcontext=u:object_r:proc:s0 tclass=file permissive=0
05-25 09:29:50.641  7310  7310 W DetectPable: type=1400 audit(0.0:22398): avc: denied { getattr } for path="/proc/dma" dev="proc" ino=4026532069 scontext=u:r:shell:s0 tcontext=u:object_r:proc:s0 tclass=file permissive=0
05-25 09:29:51.657  7310  7310 W DetectPable: type=1400 audit(0.0:22427): avc: denied { getattr } for path="/proc/dma" dev="proc" ino=4026532069 scontext=u:r:shell:s0 tcontext=u:object_r:proc:s0 tclass=file permissive=0
05-25 09:29:52.669  7310  7310 W DetectPable: type=1400 audit(0.0:22456): avc: denied { getattr } for path="/proc/dma" dev="proc" ino=4026532069 scontext=u:r:shell:s0 tcontext=u:object_r:proc:s0 tclass=file permissive=0
05-25 09:29:53.090  6795  6859 I PlayCommon: [568] aora.c(26): Preparing logs for uploading
05-25 09:29:53.091  6795  6859 I PlayCommon: [568] aora.c(167): Connecting to server for timestamp: https://play.googleapis.com/play/log/timestamp
05-25 09:29:53.093  6795  6859 E PlayCommon: [568] aora.c(168): Failed to connect to server for server timestamp: java.net.UnknownHostException: Unable to resolve host "play.googleapis.com": No address associated with hostname
05-25 09:29:53.093  6795  6859 W PlayCommon: [568] aora.a(1): No account for auth token provided
05-25 09:29:53.093  6795  6859 I PlayCommon: [568] aora.c(201): Connecting to server: https://play.googleapis.com/play/log?format=raw&proto_v2=true
05-25 09:29:53.094  6795  6859 E PlayCommon: [568] aora.c(207): Failed to connect to server for log upload.
05-25 09:29:53.681  7310  7310 W DetectPable: type=1400 audit(0.0:22485): avc: denied { getattr } for path="/proc/dma" dev="proc" ino=4026532069 scontext=u:r:shell:s0 tcontext=u:object_r:proc:s0 tclass=file permissive=0
05-25 09:29:54.693  7310  7310 W DetectPable: type=1400 audit(0.0:22514): avc: denied { getattr } for path="/proc/dma" dev="proc" ino=4026532069 scontext=u:r:shell:s0 tcontext=u:object_r:proc:s0 tclass=file permissive=0
05-25 09:29:55.701  7310  7310 W DetectPable: type=1400 audit(0.0:22543): avc: denied { getattr } for path="/proc/dma" dev="proc" ino=4026532069 scontext=u:r:shell:s0 tcontext=u:object_r:proc:s0 tclass=file permissive=0
05-25 09:29:56.717  7310  7310 W DetectPable: type=1400 audit(0.0:22572): avc: denied { getattr } for path="/proc/dma" dev="proc" ino=4026532069 scontext=u:r:shell:s0 tcontext=u:object_r:proc:s0 tclass=file permissive=0
05-25 09:29:57.729  7310  7310 W DetectPable: type=1400 audit(0.0:22601): avc: denied { getattr } for path="/proc/dma" dev="proc" ino=4026532069 scontext=u:r:shell:s0 tcontext=u:object_r:proc:s0 tclass=file permissive=0
05-25 09:29:58.737  7310  7310 W DetectPable: type=1400 audit(0.0:22630): avc: denied { getattr } for path="/proc/dma" dev="proc" ino=4026532069 scontext=u:r:shell:s0 tcontext=u:object_r:proc:s0 tclass=file permissive=0
05-25 09:29:58.737  7310  7310 W DetectPable: type=1400 audit(0.0:22631): avc: denied { getattr } for path="/proc/keys" dev="proc" ino=4026532080 scontext=u:r:shell:s0 tcontext=u:object_r:proc_keys:s0 tclass=file permissive=0
05-25 09:29:59.749  7310  7310 W DetectPable: type=1400 audit(0.0:22659): avc: denied { getattr } for path="/proc/dma" dev="proc" ino=4026532069 scontext=u:r:shell:s0 tcontext=u:object_r:proc:s0 tclass=file permissive=0
05-25 09:30:00.765  7310  7310 W DetectPable: type=1400 audit(0.0:22688): avc: denied { getattr } for path="/proc/dma" dev="proc" ino=4026532069 scontext=u:r:shell:s0 tcontext=u:object_r:proc:s0 tclass=file permissive=0
05-25 09:30:01.777  7310  7310 W DetectPable: type=1400 audit(0.0:22717): avc: denied { getattr } for path="/proc/dma" dev="proc" ino=4026532069 scontext=u:r:shell:s0 tcontext=u:object_r:proc:s0 tclass=file permissive=0
05-25 09:30:02.785  7310  7310 W DetectPable: type=1400 audit(0.0:22746): avc: denied { getattr } for path="/proc/dma" dev="proc" ino=4026532069 scontext=u:r:shell:s0 tcontext=u:object_r:proc:s0 tclass=file permissive=0
05-25 09:30:03.801  7310  7310 W DetectPable: type=1400 audit(0.0:22775): avc: denied { getattr } for path="/proc/dma" dev="proc" ino=4026532069 scontext=u:r:shell:s0 tcontext=u:object_r:proc:s0 tclass=file permissive=0
05-25 09:30:04.817  7310  7310 W DetectPable: type=1400 audit(0.0:22804): avc: denied { getattr } for path="/proc/dma" dev="proc" ino=4026532069 scontext=u:r:shell:s0 tcontext=u:object_r:proc:s0 tclass=file permissive=0
05-25 09:30:04.817  7310  7310 W DetectPable: type=1400 audit(0.0:22805): avc: denied { getattr } for path="/proc/keys" dev="proc" ino=4026532080 scontext=u:r:shell:s0 tcontext=u:object_r:proc_keys:s0 tclass=file permissive=0
05-25 09:30:05.829  7310  7310 W DetectPable: type=1400 audit(0.0:22833): avc: denied { getattr } for path="/proc/dma" dev="proc" ino=4026532069 scontext=u:r:shell:s0 tcontext=u:object_r:proc:s0 tclass=file permissive=0
05-25 09:30:05.833  7310  7310 W DetectPable: type=1400 audit(0.0:22836): avc: denied { getattr } for path="/proc/misc" dev="proc" ino=4026532007 scontext=u:r:shell:s0 tcontext=u:object_r:proc_misc:s0 tclass=file permissive=0
05-25 09:30:06.845  7310  7310 W DetectPable: type=1400 audit(0.0:22862): avc: denied { getattr } for path="/proc/dma" dev="proc" ino=4026532069 scontext=u:r:shell:s0 tcontext=u:object_r:proc:s0 tclass=file permissive=0
05-25 09:30:07.861  7310  7310 W DetectPable: type=1400 audit(0.0:22891): avc: denied { getattr } for path="/proc/dma" dev="proc" ino=4026532069 scontext=u:r:shell:s0 tcontext=u:object_r:proc:s0 tclass=file permissive=0
05-25 09:30:08.873  7310  7310 W DetectPable: type=1400 audit(0.0:22920): avc: denied { getattr } for path="/proc/dma" dev="proc" ino=4026532069 scontext=u:r:shell:s0 tcontext=u:object_r:proc:s0 tclass=file permissive=0
05-25 09:30:09.885  7310  7310 W DetectPable: type=1400 audit(0.0:22949): avc: denied { getattr } for path="/proc/dma" dev="proc" ino=4026532069 scontext=u:r:shell:s0 tcontext=u:object_r:proc:s0 tclass=file permissive=0
05-25 09:30:10.893  7310  7310 W DetectPable: type=1400 audit(0.0:22978): avc: denied { getattr } for path="/proc/dma" dev="proc" ino=4026532069 scontext=u:r:shell:s0 tcontext=u:object_r:proc:s0 tclass=file permissive=0
05-25 09:30:11.909  7310  7310 W DetectPable: type=1400 audit(0.0:23007): avc: denied { getattr } for path="/proc/dma" dev="proc" ino=4026532069 scontext=u:r:shell:s0 tcontext=u:object_r:proc:s0 tclass=file permissive=0
05-25 09:30:12.921  7310  7310 W DetectPable: type=1400 audit(0.0:23036): avc: denied { getattr } for path="/proc/dma" dev="proc" ino=4026532069 scontext=u:r:shell:s0 tcontext=u:object_r:proc:s0 tclass=file permissive=0
05-25 09:30:13.925  7310  7310 W DetectPable: type=1400 audit(0.0:23065): avc: denied { getattr } for path="/proc/dma" dev="proc" ino=4026532069 scontext=u:r:shell:s0 tcontext=u:object_r:proc:s0 tclass=file permissive=0
05-25 09:30:13.933  7310  7310 W DetectPable: type=1400 audit(0.0:23066): avc: denied { getattr } for path="/proc/keys" dev="proc" ino=4026532080 scontext=u:r:shell:s0 tcontext=u:object_r:proc_keys:s0 tclass=file permissive=0
05-25 09:30:14.941  7310  7310 W DetectPable: type=1400 audit(0.0:23094): avc: denied { getattr } for path="/proc/dma" dev="proc" ino=4026532069 scontext=u:r:shell:s0 tcontext=u:object_r:proc:s0 tclass=file permissive=0
05-25 09:30:15.953  7310  7310 W DetectPable: type=1400 audit(0.0:23123): avc: denied { getattr } for path="/proc/dma" dev="proc" ino=4026532069 scontext=u:r:shell:s0 tcontext=u:object_r:proc:s0 tclass=file permissive=0
05-25 09:30:16.965  7310  7310 W DetectPable: type=1400 audit(0.0:23152): avc: denied { getattr } for path="/proc/dma" dev="proc" ino=4026532069 scontext=u:r:shell:s0 tcontext=u:object_r:proc:s0 tclass=file permissive=0
05-25 09:30:17.977  7310  7310 W DetectPable: type=1400 audit(0.0:23181): avc: denied { getattr } for path="/proc/dma" dev="proc" ino=4026532069 scontext=u:r:shell:s0 tcontext=u:object_r:proc:s0 tclass=file permissive=0
05-25 09:30:18.989  7310  7310 W DetectPable: type=1400 audit(0.0:23210): avc: denied { getattr } for path="/proc/dma" dev="proc" ino=4026532069 scontext=u:r:shell:s0 tcontext=u:object_r:proc:s0 tclass=file permissive=0
05-25 09:30:19.543   477   477 E wifi_forwarder: qemu_pipe_open_ns:62: Could not connect to the 'pipe:qemud:wififorward' service: Invalid argument
05-25 09:30:19.543   477   477 E wifi_forwarder: RemoteConnection failed to initialize: RemoteConnection failed to open pipe
05-25 09:30:19.595   474   474 E netmgr  : qemu_pipe_open_ns:62: Could not connect to the 'pipe:qemud:network' service: Invalid argument
05-25 09:30:19.595   474   474 E netmgr  : Failed to open QEMU pipe 'qemud:network': Invalid argument
05-25 09:30:20.001  7310  7310 W DetectPable: type=1400 audit(0.0:23239): avc: denied { getattr } for path="/proc/dma" dev="proc" ino=4026532069 scontext=u:r:shell:s0 tcontext=u:object_r:proc:s0 tclass=file permissive=0
05-25 09:30:21.017  7310  7310 W DetectPable: type=1400 audit(0.0:23268): avc: denied { getattr } for path="/proc/dma" dev="proc" ino=4026532069 scontext=u:r:shell:s0 tcontext=u:object_r:proc:s0 tclass=file permissive=0
05-25 09:30:22.025  7310  7310 W DetectPable: type=1400 audit(0.0:23297): avc: denied { getattr } for path="/proc/dma" dev="proc" ino=4026532069 scontext=u:r:shell:s0 tcontext=u:object_r:proc:s0 tclass=file permissive=0
05-25 09:30:22.029  7310  7310 W DetectPable: type=1400 audit(0.0:23298): avc: denied { getattr } for path="/proc/keys" dev="proc" ino=4026532080 scontext=u:r:shell:s0 tcontext=u:object_r:proc_keys:s0 tclass=file permissive=0
05-25 09:30:23.037  7310  7310 W DetectPable: type=1400 audit(0.0:23326): avc: denied { getattr } for path="/proc/dma" dev="proc" ino=4026532069 scontext=u:r:shell:s0 tcontext=u:object_r:proc:s0 tclass=file permissive=0
05-25 09:30:24.049  7310  7310 W DetectPable: type=1400 audit(0.0:23355): avc: denied { getattr } for path="/proc/dma" dev="proc" ino=4026532069 scontext=u:r:shell:s0 tcontext=u:object_r:proc:s0 tclass=file permissive=0
05-25 09:30:25.061  7310  7310 W DetectPable: type=1400 audit(0.0:23384): avc: denied { getattr } for path="/proc/dma" dev="proc" ino=4026532069 scontext=u:r:shell:s0 tcontext=u:object_r:proc:s0 tclass=file permissive=0
05-25 09:30:26.073  7310  7310 W DetectPable: type=1400 audit(0.0:23413): avc: denied { getattr } for path="/proc/dma" dev="proc" ino=4026532069 scontext=u:r:shell:s0 tcontext=u:object_r:proc:s0 tclass=file permissive=0
05-25 09:30:27.085  7310  7310 W DetectPable: type=1400 audit(0.0:23442): avc: denied { getattr } for path="/proc/dma" dev="proc" ino=4026532069 scontext=u:r:shell:s0 tcontext=u:object_r:proc:s0 tclass=file permissive=0
05-25 09:30:27.395  2830  2855 V NativeCrypto: SSL handshake aborted: ssl=0xc8843418: I/O error during system call, Connection reset by peer
05-25 09:30:28.101  7310  7310 W DetectPable: type=1400 audit(0.0:23471): avc: denied { getattr } for path="/proc/dma" dev="proc" ino=4026532069 scontext=u:r:shell:s0 tcontext=u:object_r:proc:s0 tclass=file permissive=0
05-25 09:30:29.105  7310  7310 W DetectPable: type=1400 audit(0.0:23500): avc: denied { getattr } for path="/proc/dma" dev="proc" ino=4026532069 scontext=u:r:shell:s0 tcontext=u:object_r:proc:s0 tclass=file permissive=0
05-25 09:30:29.113  7310  7310 W DetectPable: type=1400 audit(0.0:23501): avc: denied { getattr } for path="/proc/keys" dev="proc" ino=4026532080 scontext=u:r:shell:s0 tcontext=u:object_r:proc_keys:s0 tclass=file permissive=0
05-25 09:30:30.117  7310  7310 W DetectPable: type=1400 audit(0.0:23529): avc: denied { getattr } for path="/proc/dma" dev="proc" ino=4026532069 scontext=u:r:shell:s0 tcontext=u:object_r:proc:s0 tclass=file permissive=0
05-25 09:30:31.133  7310  7310 W DetectPable: type=1400 audit(0.0:23558): avc: denied { getattr } for path="/proc/dma" dev="proc" ino=4026532069 scontext=u:r:shell:s0 tcontext=u:object_r:proc:s0 tclass=file permissive=0
05-25 09:30:31.133  7310  7310 W DetectPable: type=1400 audit(0.0:23559): avc: denied { getattr } for path="/proc/keys" dev="proc" ino=4026532080 scontext=u:r:shell:s0 tcontext=u:object_r:proc_keys:s0 tclass=file permissive=0
05-25 09:30:32.137  7310  7310 W DetectPable: type=1400 audit(0.0:23587): avc: denied { getattr } for path="/proc/dma" dev="proc" ino=4026532069 scontext=u:r:shell:s0 tcontext=u:object_r:proc:s0 tclass=file permissive=0
05-25 09:30:33.157  7310  7310 W DetectPable: type=1400 audit(0.0:23616): avc: denied { getattr } for path="/proc/dma" dev="proc" ino=4026532069 scontext=u:r:shell:s0 tcontext=u:object_r:proc:s0 tclass=file permissive=0
05-25 09:30:34.169  7310  7310 W DetectPable: type=1400 audit(0.0:23645): avc: denied { getattr } for path="/proc/dma" dev="proc" ino=4026532069 scontext=u:r:shell:s0 tcontext=u:object_r:proc:s0 tclass=file permissive=0
05-25 09:30:35.181  7310  7310 W DetectPable: type=1400 audit(0.0:23674): avc: denied { getattr } for path="/proc/dma" dev="proc" ino=4026532069 scontext=u:r:shell:s0 tcontext=u:object_r:proc:s0 tclass=file permissive=0
05-25 09:30:36.193  7310  7310 W DetectPable: type=1400 audit(0.0:23703): avc: denied { getattr } for path="/proc/dma" dev="proc" ino=4026532069 scontext=u:r:shell:s0 tcontext=u:object_r:proc:s0 tclass=file permissive=0
05-25 09:30:36.193  7310  7310 W DetectPable: type=1400 audit(0.0:23704): avc: denied { getattr } for path="/proc/keys" dev="proc" ino=4026532080 scontext=u:r:shell:s0 tcontext=u:object_r:proc_keys:s0 tclass=file permissive=0
05-25 09:30:37.205  7310  7310 W DetectPable: type=1400 audit(0.0:23732): avc: denied { getattr } for path="/proc/dma" dev="proc" ino=4026532069 scontext=u:r:shell:s0 tcontext=u:object_r:proc:s0 tclass=file permissive=0
05-25 09:30:38.217  7310  7310 W DetectPable: type=1400 audit(0.0:23761): avc: denied { getattr } for path="/proc/dma" dev="proc" ino=4026532069 scontext=u:r:shell:s0 tcontext=u:object_r:proc:s0 tclass=file permissive=0
05-25 09:30:38.221  7310  7310 W DetectPable: type=1400 audit(0.0:23762): avc: denied { getattr } for path="/proc/keys" dev="proc" ino=4026532080 scontext=u:r:shell:s0 tcontext=u:object_r:proc_keys:s0 tclass=file permissive=0
05-25 09:30:38.221  7310  7310 W DetectPable: type=1400 audit(0.0:23763): avc: denied { getattr } for path="/proc/kmsg" dev="proc" ino=4026532037 scontext=u:r:shell:s0 tcontext=u:object_r:proc_kmsg:s0 tclass=file permissive=0
05-25 09:30:38.221  7310  7310 W DetectPable: type=1400 audit(0.0:23764): avc: denied { getattr } for path="/proc/misc" dev="proc" ino=4026532007 scontext=u:r:shell:s0 tcontext=u:object_r:proc_misc:s0 tclass=file permissive=0
05-25 09:30:38.221  7310  7310 W DetectPable: type=1400 audit(0.0:23765): avc: denied { getattr } for path="/proc/mtrr" dev="proc" ino=4026532002 scontext=u:r:shell:s0 tcontext=u:object_r:proc:s0 tclass=file permissive=0
05-25 09:30:39.237  7310  7310 W DetectPable: type=1400 audit(0.0:23790): avc: denied { getattr } for path="/proc/dma" dev="proc" ino=4026532069 scontext=u:r:shell:s0 tcontext=u:object_r:proc:s0 tclass=file permissive=0
05-25 09:30:40.249  7310  7310 W DetectPable: type=1400 audit(0.0:23819): avc: denied { getattr } for path="/proc/dma" dev="proc" ino=4026532069 scontext=u:r:shell:s0 tcontext=u:object_r:proc:s0 tclass=file permissive=0
05-25 09:30:41.261  7310  7310 W DetectPable: type=1400 audit(0.0:23848): avc: denied { getattr } for path="/proc/dma" dev="proc" ino=4026532069 scontext=u:r:shell:s0 tcontext=u:object_r:proc:s0 tclass=file permissive=0
05-25 09:30:42.273  7310  7310 W DetectPable: type=1400 audit(0.0:23877): avc: denied { getattr } for path="/proc/dma" dev="proc" ino=4026532069 scontext=u:r:shell:s0 tcontext=u:object_r:proc:s0 tclass=file permissive=0
05-25 09:30:43.281  7310  7310 W DetectPable: type=1400 audit(0.0:23906): avc: denied { getattr } for path="/proc/dma" dev="proc" ino=4026532069 scontext=u:r:shell:s0 tcontext=u:object_r:proc:s0 tclass=file permissive=0
05-25 09:30:43.285  7310  7310 W DetectPable: type=1400 audit(0.0:23907): avc: denied { getattr } for path="/proc/keys" dev="proc" ino=4026532080 scontext=u:r:shell:s0 tcontext=u:object_r:proc_keys:s0 tclass=file permissive=0
05-25 09:30:44.297  7310  7310 W DetectPable: type=1400 audit(0.0:23935): avc: denied { getattr } for path="/proc/dma" dev="proc" ino=4026532069 scontext=u:r:shell:s0 tcontext=u:object_r:proc:s0 tclass=file permissive=0
05-25 09:30:44.297  7310  7310 W DetectPable: type=1400 audit(0.0:23936): avc: denied { getattr } for path="/proc/keys" dev="proc" ino=4026532080 scontext=u:r:shell:s0 tcontext=u:object_r:proc_keys:s0 tclass=file permissive=0
05-25 09:30:45.305  7310  7310 W DetectPable: type=1400 audit(0.0:23964): avc: denied { getattr } for path="/proc/dma" dev="proc" ino=4026532069 scontext=u:r:shell:s0 tcontext=u:object_r:proc:s0 tclass=file permissive=0
05-25 09:30:46.321  7310  7310 W DetectPable: type=1400 audit(0.0:23993): avc: denied { getattr } for path="/proc/dma" dev="proc" ino=4026532069 scontext=u:r:shell:s0 tcontext=u:object_r:proc:s0 tclass=file permissive=0
05-25 09:30:47.333  7310  7310 W DetectPable: type=1400 audit(0.0:24022): avc: denied { getattr } for path="/proc/dma" dev="proc" ino=4026532069 scontext=u:r:shell:s0 tcontext=u:object_r:proc:s0 tclass=file permissive=0
05-25 09:30:48.345  7310  7310 W DetectPable: type=1400 audit(0.0:24051): avc: denied { getattr } for path="/proc/dma" dev="proc" ino=4026532069 scontext=u:r:shell:s0 tcontext=u:object_r:proc:s0 tclass=file permissive=0
05-25 09:30:49.353  7310  7310 W DetectPable: type=1400 audit(0.0:24080): avc: denied { getattr } for path="/proc/dma" dev="proc" ino=4026532069 scontext=u:r:shell:s0 tcontext=u:object_r:proc:s0 tclass=file permissive=0
05-25 09:30:50.365  7310  7310 W DetectPable: type=1400 audit(0.0:24109): avc: denied { getattr } for path="/proc/dma" dev="proc" ino=4026532069 scontext=u:r:shell:s0 tcontext=u:object_r:proc:s0 tclass=file permissive=0
05-25 09:30:50.365  7310  7310 W DetectPable: type=1400 audit(0.0:24110): avc: denied { getattr } for path="/proc/keys" dev="proc" ino=4026532080 scontext=u:r:shell:s0 tcontext=u:object_r:proc_keys:s0 tclass=file permissive=0
05-25 09:30:51.377  7310  7310 W DetectPable: type=1400 audit(0.0:24138): avc: denied { getattr } for path="/proc/dma" dev="proc" ino=4026532069 scontext=u:r:shell:s0 tcontext=u:object_r:proc:s0 tclass=file permissive=0
05-25 09:30:52.389  7310  7310 W DetectPable: type=1400 audit(0.0:24167): avc: denied { getattr } for path="/proc/dma" dev="proc" ino=4026532069 scontext=u:r:shell:s0 tcontext=u:object_r:proc:s0 tclass=file permissive=0
05-25 09:30:53.401  7310  7310 W DetectPable: type=1400 audit(0.0:24196): avc: denied { getattr } for path="/proc/dma" dev="proc" ino=4026532069 scontext=u:r:shell:s0 tcontext=u:object_r:proc:s0 tclass=file permissive=0
05-25 09:30:53.401  7310  7310 W DetectPable: type=1400 audit(0.0:24197): avc: denied { getattr } for path="/proc/keys" dev="proc" ino=4026532080 scontext=u:r:shell:s0 tcontext=u:object_r:proc_keys:s0 tclass=file permissive=0
05-25 09:30:54.409  7310  7310 W DetectPable: type=1400 audit(0.0:24225): avc: denied { getattr } for path="/proc/dma" dev="proc" ino=4026532069 scontext=u:r:shell:s0 tcontext=u:object_r:proc:s0 tclass=file permissive=0
05-25 09:30:54.413  7310  7310 W DetectPable: type=1400 audit(0.0:24226): avc: denied { getattr } for path="/proc/keys" dev="proc" ino=4026532080 scontext=u:r:shell:s0 tcontext=u:object_r:proc_keys:s0 tclass=file permissive=0
05-25 09:30:55.429  7310  7310 W DetectPable: type=1400 audit(0.0:24254): avc: denied { getattr } for path="/proc/dma" dev="proc" ino=4026532069 scontext=u:r:shell:s0 tcontext=u:object_r:proc:s0 tclass=file permissive=0
05-25 09:30:56.441  7310  7310 W DetectPable: type=1400 audit(0.0:24283): avc: denied { getattr } for path="/proc/dma" dev="proc" ino=4026532069 scontext=u:r:shell:s0 tcontext=u:object_r:proc:s0 tclass=file permissive=0
05-25 09:30:57.445  7310  7310 W DetectPable: type=1400 audit(0.0:24312): avc: denied { getattr } for path="/proc/dma" dev="proc" ino=4026532069 scontext=u:r:shell:s0 tcontext=u:object_r:proc:s0 tclass=file permissive=0
05-25 09:30:57.445  7310  7310 W DetectPable: type=1400 audit(0.0:24313): avc: denied { getattr } for path="/proc/keys" dev="proc" ino=4026532080 scontext=u:r:shell:s0 tcontext=u:object_r:proc_keys:s0 tclass=file permissive=0
05-25 09:30:58.457  7310  7310 W DetectPable: type=1400 audit(0.0:24341): avc: denied { getattr } for path="/proc/dma" dev="proc" ino=4026532069 scontext=u:r:shell:s0 tcontext=u:object_r:proc:s0 tclass=file permissive=0
05-25 09:30:58.457  7310  7310 W DetectPable: type=1400 audit(0.0:24342): avc: denied { getattr } for path="/proc/keys" dev="proc" ino=4026532080 scontext=u:r:shell:s0 tcontext=u:object_r:proc_keys:s0 tclass=file permissive=0
05-25 09:30:59.473  7310  7310 W DetectPable: type=1400 audit(0.0:24370): avc: denied { getattr } for path="/proc/dma" dev="proc" ino=4026532069 scontext=u:r:shell:s0 tcontext=u:object_r:proc:s0 tclass=file permissive=0
05-25 09:31:00.485  7310  7310 W DetectPable: type=1400 audit(0.0:24399): avc: denied { getattr } for path="/proc/dma" dev="proc" ino=4026532069 scontext=u:r:shell:s0 tcontext=u:object_r:proc:s0 tclass=file permissive=0
05-25 09:31:01.497  7310  7310 W DetectPable: type=1400 audit(0.0:24428): avc: denied { getattr } for path="/proc/dma" dev="proc" ino=4026532069 scontext=u:r:shell:s0 tcontext=u:object_r:proc:s0 tclass=file permissive=0
05-25 09:31:02.509  7310  7310 W DetectPable: type=1400 audit(0.0:24457): avc: denied { getattr } for path="/proc/dma" dev="proc" ino=4026532069 scontext=u:r:shell:s0 tcontext=u:object_r:proc:s0 tclass=file permissive=0
05-25 09:31:03.517  7310  7310 W DetectPable: type=1400 audit(0.0:24486): avc: denied { getattr } for path="/proc/dma" dev="proc" ino=4026532069 scontext=u:r:shell:s0 tcontext=u:object_r:proc:s0 tclass=file permissive=0
05-25 09:31:03.517  7310  7310 W DetectPable: type=1400 audit(0.0:24487): avc: denied { getattr } for path="/proc/keys" dev="proc" ino=4026532080 scontext=u:r:shell:s0 tcontext=u:object_r:proc_keys:s0 tclass=file permissive=0
05-25 09:31:03.933  1426  3312 W Conscrypt: Could not set socket write timeout: java.net.SocketException: Socket closed
05-25 09:31:03.933  1426  3312 W Conscrypt: 	at com.google.android.gms.org.conscrypt.Platform.setSocketWriteTimeout(:com.google.android.gms@201817022@20.18.17 (040700-311416286):2)
05-25 09:31:03.933  1426  3312 W Conscrypt: 	at com.google.android.gms.org.conscrypt.ConscryptFileDescriptorSocket.setSoWriteTimeout(:com.google.android.gms@201817022@20.18.17 (040700-311416286):0)
05-25 09:31:04.071  1426  3312 V NativeCrypto: SSL handshake aborted: ssl=0xb5f78a98: I/O error during system call, Connection reset by peer
05-25 09:31:04.533  7310  7310 W DetectPable: type=1400 audit(0.0:24515): avc: denied { getattr } for path="/proc/dma" dev="proc" ino=4026532069 scontext=u:r:shell:s0 tcontext=u:object_r:proc:s0 tclass=file permissive=0
05-25 09:31:05.549  7310  7310 W DetectPable: type=1400 audit(0.0:24544): avc: denied { getattr } for path="/proc/dma" dev="proc" ino=4026532069 scontext=u:r:shell:s0 tcontext=u:object_r:proc:s0 tclass=file permissive=0
05-25 09:31:06.561  7310  7310 W DetectPable: type=1400 audit(0.0:24573): avc: denied { getattr } for path="/proc/dma" dev="proc" ino=4026532069 scontext=u:r:shell:s0 tcontext=u:object_r:proc:s0 tclass=file permissive=0
05-25 09:31:07.573  7310  7310 W DetectPable: type=1400 audit(0.0:24602): avc: denied { getattr } for path="/proc/dma" dev="proc" ino=4026532069 scontext=u:r:shell:s0 tcontext=u:object_r:proc:s0 tclass=file permissive=0
05-25 09:31:08.581  7310  7310 W DetectPable: type=1400 audit(0.0:24631): avc: denied { getattr } for path="/proc/dma" dev="proc" ino=4026532069 scontext=u:r:shell:s0 tcontext=u:object_r:proc:s0 tclass=file permissive=0
05-25 09:31:08.585  7310  7310 W DetectPable: type=1400 audit(0.0:24632): avc: denied { getattr } for path="/proc/keys" dev="proc" ino=4026532080 scontext=u:r:shell:s0 tcontext=u:object_r:proc_keys:s0 tclass=file permissive=0
05-25 09:31:09.589  7310  7310 W DetectPable: type=1400 audit(0.0:24660): avc: denied { getattr } for path="/proc/dma" dev="proc" ino=4026532069 scontext=u:r:shell:s0 tcontext=u:object_r:proc:s0 tclass=file permissive=0
05-25 09:31:10.609  7310  7310 W DetectPable: type=1400 audit(0.0:24689): avc: denied { getattr } for path="/proc/dma" dev="proc" ino=4026532069 scontext=u:r:shell:s0 tcontext=u:object_r:proc:s0 tclass=file permissive=0
05-25 09:31:11.617  7310  7310 W DetectPable: type=1400 audit(0.0:24718): avc: denied { getattr } for path="/proc/dma" dev="proc" ino=4026532069 scontext=u:r:shell:s0 tcontext=u:object_r:proc:s0 tclass=file permissive=0
05-25 09:31:12.629  7310  7310 W DetectPable: type=1400 audit(0.0:24747): avc: denied { getattr } for path="/proc/dma" dev="proc" ino=4026532069 scontext=u:r:shell:s0 tcontext=u:object_r:proc:s0 tclass=file permissive=0
05-25 09:31:13.637  7310  7310 W DetectPable: type=1400 audit(0.0:24776): avc: denied { getattr } for path="/proc/dma" dev="proc" ino=4026532069 scontext=u:r:shell:s0 tcontext=u:object_r:proc:s0 tclass=file permissive=0
05-25 09:31:14.649  7310  7310 W DetectPable: type=1400 audit(0.0:24805): avc: denied { getattr } for path="/proc/dma" dev="proc" ino=4026532069 scontext=u:r:shell:s0 tcontext=u:object_r:proc:s0 tclass=file permissive=0
05-25 09:31:14.653  7310  7310 W DetectPable: type=1400 audit(0.0:24806): avc: denied { getattr } for path="/proc/keys" dev="proc" ino=4026532080 scontext=u:r:shell:s0 tcontext=u:object_r:proc_keys:s0 tclass=file permissive=0
05-25 09:31:15.665  7310  7310 W DetectPable: type=1400 audit(0.0:24834): avc: denied { getattr } for path="/proc/dma" dev="proc" ino=4026532069 scontext=u:r:shell:s0 tcontext=u:object_r:proc:s0 tclass=file permissive=0
05-25 09:31:15.931  8391  8391 D AndroidRuntime: Shutting down VM
05-25 09:31:15.934  8446  8448 I cmd     : oneway function results will be dropped but finished with status OK and parcel size 4
05-25 09:31:15.935   297   297 I Zygote  : Process 8405 exited due to signal 9 (Killed)
05-25 09:31:15.939  1084  1084 D CarrierSvcBindHelper: No carrier app for: 0
05-25 09:31:15.976   520   565 I libprocessgroup: Successfully killed process cgroup uid 10156 pid 8405 in 46ms
